
> gahranox-carvel@0.0.0 start
> ng serve

Component HMR has been enabled, see https://angular.dev/hmr for more info.
❯ Building...
✔ Building...
Initial chunk files | Names         |  Raw size
styles.css          | styles        | 412.49 kB |
main.js             | main          | 127.17 kB |
scripts.js          | scripts       | 107.69 kB |

                    | Initial total | 647.36 kB

Application bundle generation complete. [3.097 seconds]

Watch mode enabled. Watching for file changes...
NOTE: Raw file sizes do not reflect development server per-request transformations.
  ➜  Local:   http://localhost:4200/
❯ Changes detected. Rebuilding...
✔ Changes detected. Rebuilding...
Initial chunk files | Names |  Raw size
main.js             | main  | 127.18 kB |

Application bundle generation complete. [1.348 seconds]

Page reload sent to client(s).
